// Jest Snapshot v1, https://goo.gl/fbAQLP

exports[`should test 1`] = `
.c0 {
  background-color: #023059;
}

<h1
  class="c0"
>
  Test
</h1>
`;
